📋 共 249 个视频待处理

[1/249] 🎬 处理: BV1sCWtzcEa1
  标题: 海克斯大乱斗「逆天」防御塔!!活久见防御塔竟然能变小!!
  📥 下载音频...
  [跳过下载] 音频已存在: BV1sCWtzcEa1
  🎙️ 转录中...
  ✅ 转录完成 (318 字)
[2/249] 🎬 处理: BV16tsYzzEix
  标题: 海克斯大乱斗「今天上线必玩套路」无限炮杰斯!!
  📥 下载音频...
  🎙️ 转录中...
  ✅ 转录完成 (237 字)
[3/249] 🎬 处理: BV1XFskzSEpR
  标题: 海克斯大乱斗「王中王，靴中靴」任务攻略!!一眼看懂!!
  📥 下载音频...
  🎙️ 转录中...
  ✅ 转录完成 (374 字)
[4/249] 🎬 处理: BV1rTspzVEyv
  标题: 海克斯大乱斗「寒冰必玩套路」无限W+超高移速!!
  📥 下载音频...
  🎙️ 转录中...
  ✅ 转录完成 (652 字)
[5/249] 🎬 处理: BV1k2sozyEfH
  标题: 海克斯大乱斗「猴子必玩套路」AP猴子!!S+评分MVP!!
  📥 下载音频...
  🎙️ 转录中...
  ✅ 转录完成 (412 字)
[6/249] 🎬 处理: BV1W8s5zxENf
  标题: 海克斯大乱斗「猪妹必玩套路」史前巨兽越打越肉!!
  📥 下载音频...
  🎙️ 转录中...
  ✅ 转录完成 (944 字)
[7/249] 🎬 处理: BV1PyWtz8ENr
  标题: 海克斯大乱斗「钢壁」维鲁斯!!重生之我是TheShy!!
  📥 下载音频...
  🎙️ 转录中...
  ✅ 转录完成 (325 字)
[8/249] 🎬 处理: BV1qQW2zqEA2
  标题: 海克斯大乱斗「无尽强化」剑圣!!魔转物+踢踏舞+大招免控!!这把你来玩!!
  📥 下载音频...
  🎙️ 转录中...
  ✅ 转录完成 (211 字)
[9/249] 🎬 处理: BV1tns5zaEjs
  标题: 海克斯大乱斗「滑板鞋必玩套路」A一下加速300!!我已起飞!!
  📥 下载音频...
  🎙️ 转录中...
  ✅ 转录完成 (448 字)
[10/249] 🎬 处理: BV16MspzkERf
  标题: 海克斯大乱斗「154个海克斯一览」知彼知己!!百战不殆!!
  📥 下载音频...
  🎙️ 转录中...
  ✅ 转录完成 (5 字)
[11/249] 🎬 处理: BV1z3spz6EV1
  标题: 海克斯大乱斗「厄加特必玩套路」部分陷阱海克斯不能拿!!
  📥 下载音频...
  🎙️ 转录中...
  ✅ 转录完成 (1183 字)
[12/249] 🎬 处理: BV15PsZzAEon
  标题: 海克斯大乱斗「自废武功流」最慢攻速0.63虚空女皇!!
  📥 下载音频...
  🎙️ 转录中...
  ✅ 转录完成 (702 字)
[13/249] 🎬 处理: BV1GMsZz8EfE
  标题: 海克斯大乱斗「战神蕾欧娜」玩一次爽一次!!
  📥 下载音频...
  🎙️ 转录中...
  ✅ 转录完成 (166 字)
[14/249] 🎬 处理: BV1aFskzSERY
  标题: 海克斯大乱斗「移动金身」设计师脑洞大开!!对手被当猴耍!!
  📥 下载音频...
  🎙️ 转录中...
  ✅ 转录完成 (528 字)
[15/249] 🎬 处理: BV1VfsrzHEjK
  标题: 海克斯大乱斗「卡牌必玩套路」开局起飞!!三海克斯联动!!遛翻全场!!
  📥 下载音频...
  🎙️ 转录中...
  ✅ 转录完成 (622 字)
[16/249] 🎬 处理: BV17ksUzLEnX
  标题: 海克斯大乱斗「快乐集锦」各种有趣至极必玩套路!!
  📥 下载音频...
  🎙️ 转录中...
  ✅ 转录完成 (483 字)
[17/249] 🎬 处理: BV16FsDzQETj
  标题: 海克斯大乱斗「薇恩必玩套路」秀到头晕目眩!!
  📥 下载音频...
  🎙️ 转录中...
  ✅ 转录完成 (458 字)
[18/249] 🎬 处理: BV1ZNsDzEENg
  标题: 海克斯大乱斗「快乐集锦」各种有趣至极必玩套路!!
  📥 下载音频...
  🎙️ 转录中...
  ✅ 转录完成 (8 字)
[19/249] 🎬 处理: BV1pvykBvEzg
  标题: 海克斯大乱斗「满爆收集者天使」10%HP斩杀!!
  📥 下载音频...
  🎙️ 转录中...
  ✅ 转录完成 (259 字)
[20/249] 🎬 处理: BV1n6ykBwEMi
  标题: 海克斯大乱斗「布隆必玩套路」瞄准镜布隆!!
  📥 下载音频...
  🎙️ 转录中...
  ✅ 转录完成 (474 字)
[21/249] 🎬 处理: BV1cBykBYEJ4
  标题: 海克斯大乱斗「卡莎必玩套路」特效多到数不清!!
  📥 下载音频...
  🎙️ 转录中...
  ✅ 转录完成 (266 字)
[22/249] 🎬 处理: BV12JySBZEaF
  标题: 海克斯大乱斗「纳亚菲利必玩套路」无限技能!!
  📥 下载音频...
  🎙️ 转录中...
  ✅ 转录完成 (389 字)
[23/249] 🎬 处理: BV1FKyWBCE4r
  标题: 海克斯大乱斗「萨科必玩套路」一刀斩脆皮!!
  📥 下载音频...
  🎙️ 转录中...
  ✅ 转录完成 (510 字)
[24/249] 🎬 处理: BV1FKyWBkE3b
  标题: 海克斯大乱斗「狮子狗必玩套路」盾比生命值厚!!
  📥 下载音频...
  🎙️ 转录中...
  ✅ 转录完成 (446 字)
[25/249] 🎬 处理: BV1fuyvBuERk
  标题: 海克斯大乱斗「龙女必玩套路」巨兽流!!
  📥 下载音频...
  🎙️ 转录中...
  ✅ 转录完成 (389 字)
[26/249] 🎬 处理: BV1zTyvB6Ed2
  标题: 海克斯大乱斗「莎弥拉必玩套路」一打五鲨穿全场!!
  📥 下载音频...
  🎙️ 转录中...
  ✅ 转录完成 (367 字)
[27/249] 🎬 处理: BV16TyvB6E7H
  标题: 海克斯大乱斗「皎月必玩套路」七进七出!!轻松游龙!!
  📥 下载音频...
  🎙️ 转录中...
  ✅ 转录完成 (592 字)
[28/249] 🎬 处理: BV1xL1MB5EAU
  标题: 大乱斗「石头人必玩套路」双重大招!!棱彩爽局!!
  📥 下载音频...
  🎙️ 转录中...
  ✅ 转录完成 (500 字)
[29/249] 🎬 处理: BV1hM1gBoECx
  标题: 海克斯大乱斗「逆天卖鞋流」王中王靴中靴正确玩法!!经济碾压!!
  📥 下载音频...
  🎙️ 转录中...
  ✅ 转录完成 (792 字)
[30/249] 🎬 处理: BV13T1gBtEGa
  标题: 海克斯大乱斗「五射手地狱难度」无限E卢锡安!!
  📥 下载音频...
  🎙️ 转录中...
  ✅ 转录完成 (553 字)
[31/249] 🎬 处理: BV1JVyDBQEdZ
  标题: 海克斯大乱斗「机器人钩穿全场」无情铁爪!!
  📥 下载音频...
  🎙️ 转录中...
  ✅ 转录完成 (543 字)
[32/249] 🎬 处理: BV1nGyDBpEbV
  标题: 海克斯大乱斗「两个虚空之眼」我光奶好了!!快站成一排!!
  📥 下载音频...
  🎙️ 转录中...
  ✅ 转录完成 (720 字)
[33/249] 🎬 处理: BV11PyDBZEbz
  标题: 海克斯大乱斗「莉莉娅必玩套路」疯狂的鹿!!究极减速!!
  📥 下载音频...
  🎙️ 转录中...
  ✅ 转录完成 (247 字)
[34/249] 🎬 处理: BV17GyZBiEx5
  标题: 海克斯大乱斗「亮剑双刀流」艾师傅逆袭成神!!
  📥 下载音频...
  🎙️ 转录中...
  ✅ 转录完成 (473 字)
[35/249] 🎬 处理: BV1fj1wBEEy7
  标题: 海克斯大乱斗「千速奇亚娜」刺客身手敏捷很合理吧!!
  📥 下载音频...
  🎙️ 转录中...
  ✅ 转录完成 (478 字)
[36/249] 🎬 处理: BV1c51wBDEPz
  标题: 海克斯大乱斗「炼狱导管铁男」稳如城墙!!无限刷技能!!
  📥 下载音频...
  🎙️ 转录中...
  ✅ 转录完成 (562 字)
[37/249] 🎬 处理: BV1aV1qBMEDa
  标题: 海克斯大乱斗「游龙剑姬」移速破千!!剑招无影!!
  📥 下载音频...
  🎙️ 转录中...
  ✅ 转录完成 (625 字)
[38/249] 🎬 处理: BV1Y31qBzEBf
  标题: 海克斯大乱斗「锻体修仙流」仙路漫漫!!以帽筑基!!
  📥 下载音频...
  🎙️ 转录中...
  ✅ 转录完成 (360 字)
[39/249] 🎬 处理: BV1ZP1qB5E8t
  标题: 海克斯大乱斗「闪电侠派克」究极移速!!步数刷爆!!
  📥 下载音频...
  🎙️ 转录中...
  ✅ 转录完成 (563 字)
[40/249] 🎬 处理: BV1ny1rBYErw
  标题: 海克斯大乱斗「提莫六重灼烧流」烫烫烫烫烫烫!!
  📥 下载音频...
  🎙️ 转录中...
  ✅ 转录完成 (349 字)
[41/249] 🎬 处理: BV1Yz17BUEc7
  标题: 海克斯大乱斗「被低估的海克斯」刮痧刮出核弹伤害!!
  📥 下载音频...
  🎙️ 转录中...
  ✅ 转录完成 (454 字)
[42/249] 🎬 处理: BV1YB17BJEPJ
  标题: 海克斯大乱斗「脆皮噩梦」天胡丢丢怪一样被落地秒!!
  📥 下载音频...
  🎙️ 转录中...
  ✅ 转录完成 (443 字)
[43/249] 🎬 处理: BV1yb1xBtEDn
  标题: 海克斯大乱斗「瞄准镜慎」当慎变身远程ADC!!
  📥 下载音频...
  🎙️ 转录中...
  ✅ 转录完成 (729 字)
[44/249] 🎬 处理: BV1Kt1xBFE4j
  标题: 海克斯大乱斗「双合一神装」一件装备450法强!
  📥 下载音频...
  🎙️ 转录中...
  ✅ 转录完成 (1374 字)
[45/249] 🎬 处理: BV12t1xBFEpw
  标题: 海克斯大乱斗「尤里卡」法师T0级海克斯!!
  📥 下载音频...
  🎙️ 转录中...
  ✅ 转录完成 (469 字)
[46/249] 🎬 处理: BV1P62PBvETD
  标题: 海克斯大乱斗「快乐集锦」各种有趣至极必玩套路!!
  📥 下载音频...
  🎙️ 转录中...
  ✅ 转录完成 (477 字)
[47/249] 🎬 处理: BV1vo2PBXEfw
  标题: 海克斯大乱斗「翠神登场率倒数第一」但在这模式强过无限火力!!
  📥 下载音频...
  🎙️ 转录中...
  ✅ 转录完成 (392 字)
[48/249] 🎬 处理: BV1hh11BZExr
  标题: 海克斯大乱斗「念经剑圣」这个海克斯真有趣!!
  📥 下载音频...
  🎙️ 转录中...
  ✅ 转录完成 (187 字)
[49/249] 🎬 处理: BV1N719B6EdT
  标题: 海克斯大乱斗「AP杰斯」这一切都变得合理!!
  📥 下载音频...
  🎙️ 转录中...
  ✅ 转录完成 (403 字)
[50/249] 🎬 处理: BV1Cp19BKEdm
  标题: 海克斯大乱斗「梅尔」我赢一把就睡!!
  📥 下载音频...
  🎙️ 转录中...
  ✅ 转录完成 (670 字)
[51/249] 🎬 处理: BV1C9kQBxEaR
  标题: 海克斯大乱斗「无限盈能VN」这个海克斯真有趣!!
  📥 下载音频...
  🎙️ 转录中...
  ✅ 转录完成 (588 字)
[52/249] 🎬 处理: BV1T2kQBwEvH
  标题: 海克斯大乱斗「15%斩杀线」收集者牧魂人!!
  📥 下载音频...
  🎙️ 转录中...
  ✅ 转录完成 (419 字)
[53/249] 🎬 处理: BV14zkiBDEDq
  标题: 海克斯大乱斗「芸阿娜无限W善恶轮」99%究极减速罚站!!
  📥 下载音频...
  🎙️ 转录中...
  ✅ 转录完成 (638 字)
[54/249] 🎬 处理: BV1TzkiBDEnu
  标题: 海克斯大乱斗「0.6秒一个R」全凭身法卡萨丁!!
  📥 下载音频...
  🎙️ 转录中...
  ✅ 转录完成 (186 字)
[55/249] 🎬 处理: BV1ehk6BkEqD
  标题: 海克斯大乱斗「快乐集锦」关于我的海克斯强得不像话这件事!!
  📥 下载音频...
  🎙️ 转录中...
  ✅ 转录完成 (428 字)
[56/249] 🎬 处理: BV1i9kCBWEMT
  标题: 海克斯大乱斗「这个海克斯法师必选」直接开启无限火力模式!!
  📥 下载音频...
  🎙️ 转录中...
  ✅ 转录完成 (792 字)
[57/249] 🎬 处理: BV1qQkCBREK5
  标题: 海克斯大乱斗「钢化你心」快乐叠钢!!
  📥 下载音频...
  🎙️ 转录中...
  ✅ 转录完成 (252 字)
[58/249] 🎬 处理: BV1ZdCJBZEma
  标题: 海克斯大乱斗「邪修丽桑卓」我出这套装备??
  📥 下载音频...
  🎙️ 转录中...
  ✅ 转录完成 (574 字)
[59/249] 🎬 处理: BV1gUCEByEo8
  标题: 海克斯大乱斗「冰寒游龙炼金」玩一把开心一天!!
  📥 下载音频...
  🎙️ 转录中...
  ✅ 转录完成 (877 字)
[60/249] 🎬 处理: BV1hzCABvEYX
  标题: 「杰斯必玩套路」这些海克斯必选!!
  📥 下载音频...
  🎙️ 转录中...
  ✅ 转录完成 (414 字)
[61/249] 🎬 处理: BV1aBCABKEaV
  标题: 「火男必玩套路」登顶版本T0!!这些海克斯必选!!
  📥 下载音频...
  🎙️ 转录中...
  ✅ 转录完成 (379 字)
[62/249] 🎬 处理: BV1qBCuB8Ewp
  标题: 海克斯大乱斗「丢丢怪大王」治好了我的玉玉症!!
  📥 下载音频...
  🎙️ 转录中...
  ✅ 转录完成 (459 字)
[63/249] 🎬 处理: BV12pC3BEEX1
  标题: 海克斯大乱斗「迷你提莫」体型变小碰撞箱也缩水??
  📥 下载音频...
  🎙️ 转录中...
  ✅ 转录完成 (313 字)
[64/249] 🎬 处理: BV1BpC2BKEpT
  标题: 海克斯大乱斗「炼狱导管AP赏金」轻松MVP!!伤害第一!!
  📥 下载音频...
  🎙️ 转录中...
  ✅ 转录完成 (629 字)
[65/249] 🎬 处理: BV1JnC2BqEW4
  标题: 海克斯大乱斗「丘丘船长」不会连桶也能玩!!化身六边形战士!!
  📥 下载音频...
  🎙️ 转录中...
  ✅ 转录完成 (317 字)
[66/249] 🎬 处理: BV1sWCRBqEpr
  标题: 海克斯大乱斗「杀戮时间提莫」强度超乎想象!!
  📥 下载音频...
  🎙️ 转录中...
  ✅ 转录完成 (599 字)
[67/249] 🎬 处理: BV1CgCvByED9
  标题: 海克斯大乱斗「风女必玩套路」这些海克斯必选!!
  📥 下载音频...
  🎙️ 转录中...
  ✅ 转录完成 (1106 字)
[68/249] 🎬 处理: BV1yECzBREKG
  标题: 海克斯大乱斗彩蛋「卡莉丝塔」拿到这个海克斯有与众不同的效果!!
  📥 下载音频...
  🎙️ 转录中...
  ✅ 转录完成 (553 字)
[69/249] 🎬 处理: BV1WQyuByES9
  标题: 海克斯大乱斗「这四件收集者」属性有什么不同??版本陷阱避坑指南!!
  📥 下载音频...
  🎙️ 转录中...
  ✅ 转录完成 (521 字)
[70/249] 🎬 处理: BV175y5BLEwV
  标题: 海克斯大乱斗「逆天DEBUFF」萨勒芬妮开局反向升级!!
  📥 下载音频...
  🎙️ 转录中...
  ✅ 转录完成 (310 字)
[71/249] 🎬 处理: BV1vXyHBaE1s
  标题: 海克斯大乱斗「邪修」四件套!?
  📥 下载音频...
  🎙️ 转录中...
  ✅ 转录完成 (250 字)
[72/249] 🎬 处理: BV1iQyHBAEv4
  标题: 海克斯大乱斗「俄洛伊黑科技」专治数值怪!!
  📥 下载音频...
  🎙️ 转录中...
  ✅ 转录完成 (255 字)
[73/249] 🎬 处理: BV1UiyNBuE11
  标题: 最逆天的海克斯!每13秒全屏真伤锁头!!
  📥 下载音频...
  🎙️ 转录中...
  ✅ 转录完成 (405 字)
[74/249] 🎬 处理: BV1duU5BpEde
  标题: 双重变小海克斯「究极迷你版约德尔人」小法师!!
  📥 下载音频...
  🎙️ 转录中...
  ✅ 转录完成 (485 字)
[75/249] 🎬 处理: BV1cMUEB6ELe
  标题: 一分钟感受下「龙女」在海克斯大乱斗有多猛!!
  📥 下载音频...
  🎙️ 转录中...
  ✅ 转录完成 (38 字)
[76/249] 🎬 处理: BV1LXUxBXE7q
  标题: 锻造器上线「版本巨变」海克斯大乱斗15分钟后数值怪横行!!
  📥 下载音频...
  🎙️ 转录中...
  ✅ 转录完成 (677 字)
[77/249] 🎬 处理: BV1tRUKBSEAf
  标题: 牧魂人「终极刷新+裁决使」指挥全家老小以七敌众!!海克斯大乱斗!!
  📥 下载音频...
  🎙️ 转录中...
  ✅ 转录完成 (496 字)
[78/249] 🎬 处理: BV14RUKBSEKU
  标题: 蚂蚱「收集者+巨人杀手」后期翻盘就靠它!!海克斯大乱斗!!
  📥 下载音频...
  🎙️ 转录中...
  ✅ 转录完成 (315 字)
[79/249] 🎬 处理: BV1zzUyB5E3G
  标题: 无限种花「烬」究极陷阱流!!海克斯大乱斗!!
  📥 下载音频...
  🎙️ 转录中...
  ✅ 转录完成 (752 字)
[80/249] 🎬 处理: BV1pSUXB6ETM
  标题: 锻体流「MF」教你三件套后做嚎哭深渊真神!!海克斯大乱斗!!
  📥 下载音频...
  🎙️ 转录中...
  ✅ 转录完成 (565 字)
[81/249] 🎬 处理: BV1oWUeByEoH
  标题: 被多数人「忽略」的海克斯!!能触发16倍恢复!!
  📥 下载音频...
  🎙️ 转录中...
  ✅ 转录完成 (635 字)
[82/249] 🎬 处理: BV1AeSuBRERX
  标题: 当寒冰拥有1000码攻击距离?!海克斯大乱斗!!
  📥 下载音频...
  🎙️ 转录中...
  ✅ 转录完成 (335 字)
[83/249] 🎬 处理: BV1jpS7BNEdV
  标题: 大乱斗锻体流「小法师」教你三件套后做栈桥真神!!
  📥 下载音频...
  🎙️ 转录中...
  ✅ 转录完成 (1008 字)
[84/249] 🎬 处理: BV1GiSJBPEJ3
  标题: 一件装备+两散件就开始锻体?!一看就懂的AD锻体指南!!海克斯大乱斗!
  📥 下载音频...
  🎙️ 转录中...
  ✅ 转录完成 (840 字)
[85/249] 🎬 处理: BV1sVUfBbEZ9
  标题: 龙王+魔法飞弹+炼狱导管=快乐渍水
  📥 下载音频...
  🎙️ 转录中...
  ✅ 转录完成 (582 字)
[86/249] 🎬 处理: BV1YHSwBSEbJ
  标题: 大乱斗时间太短!!一件装备后开始锻体!?
  📥 下载音频...
  🎙️ 转录中...
  ✅ 转录完成 (435 字)
[87/249] 🎬 处理: BV1t7SqBgEJK
  标题: 海克斯被吞BUG!!比别人少一个海克斯!!呜哇!!
  📥 下载音频...
  🎙️ 转录中...
  ✅ 转录完成 (312 字)
[88/249] 🎬 处理: BV1m7SqBgEYG
  标题: 逆天诺手出收集者!!还一件装备就开始锻体?!!
  📥 下载音频...
  🎙️ 转录中...
  ✅ 转录完成 (432 字)
[89/249] 🎬 处理: BV1xdSyB4EHn
  标题: 大乱斗天生锻体的「神」派克!!
  📥 下载音频...
  🎙️ 转录中...
  ✅ 转录完成 (586 字)
[90/249] 🎬 处理: BV1GXStBsEFB
  标题: 丢丢怪的「威压」玩一把快乐一天!!海克斯大乱斗!!
  📥 下载音频...
  🎙️ 转录中...
  ✅ 转录完成 (692 字)
[91/249] 🎬 处理: BV1fS24BdER4
  标题: 当滑板鞋两件装备开始「锻体」三锻二彩!!海克斯大乱斗!!
  📥 下载音频...
  🎙️ 转录中...
  ✅ 转录完成 (509 字)
[92/249] 🎬 处理: BV1Lu2eBMEfJ
  标题: 大乱斗神装前不要「锻体」?!
  📥 下载音频...
  🎙️ 转录中...
  ✅ 转录完成 (776 字)
[93/249] 🎬 处理: BV1Y82JB4EwV
  标题: 大乱斗逆天「死亡之环」猫咪!!
  📥 下载音频...
  🎙️ 转录中...
  ✅ 转录完成 (260 字)
[94/249] 🎬 处理: BV1gE2RBQEDX
  标题: 大乱斗逆天「AP狗头」N重灼烧!!粘到就噶!!
  📥 下载音频...
  🎙️ 转录中...
  ✅ 转录完成 (242 字)
[95/249] 🎬 处理: BV1V4mABEEU8
  标题: 大乱斗「收集者」蚂蚱!!多段灼烧带斩杀!!
  📥 下载音频...
  🎙️ 转录中...
  ✅ 转录完成 (605 字)
[96/249] 🎬 处理: BV15smABSERb
  标题: 大乱斗「锻体流」蕾欧娜!!这个海克斯是心目中的T0!
  📥 下载音频...
  🎙️ 转录中...
  ✅ 转录完成 (638 字)
[97/249] 🎬 处理: BV15smABSENC
  标题: 大乱斗「锻体流」梦魇!!两件套速成开锻!!
  📥 下载音频...
  🎙️ 转录中...
  ✅ 转录完成 (384 字)
[98/249] 🎬 处理: BV1Sv26BCEpD
  标题: 大乱斗天生锻体的「神」乌迪尔!!
  📥 下载音频...
  🎙️ 转录中...
  ✅ 转录完成 (1006 字)
[99/249] 🎬 处理: BV1m626BgEGk
  标题: 大乱斗「坦克引擎+我能回城」皇子!!最爽组合之一!
  📥 下载音频...
  🎙️ 转录中...
  ✅ 转录完成 (402 字)
[100/249] 🎬 处理: BV1Ur2kB7E6w
  标题: 大乱斗科研「光棱塔2.0」猫咪宣传片!!
  📥 下载音频...
  🎙️ 转录中...
  ✅ 转录完成 (805 字)
[101/249] 🎬 处理: BV1g3mpBcEc7
  标题: 大乱斗「两件套锻体」烬!!14分钟570攻击力!!
  📥 下载音频...
  🎙️ 转录中...
  ✅ 转录完成 (518 字)
[102/249] 🎬 处理: BV1TLmpBtEPT
  标题: 大乱斗「逆天」走路草!!减益之神!!
  📥 下载音频...
  🎙️ 转录中...
  ✅ 转录完成 (428 字)
[103/249] 🎬 处理: BV1SBmxBuEsp
  标题: 大乱斗「虚幻武器」牧魂人!!让全特效小弟替你输出!!
  📥 下载音频...
  🎙️ 转录中...
  ✅ 转录完成 (479 字)
[104/249] 🎬 处理: BV1rwmhBuEs2
  标题: 万一赢了呢！
  📥 下载音频...
  🎙️ 转录中...
  ✅ 转录完成 (479 字)
[105/249] 🎬 处理: BV1ntm3BSEwe
  标题: 大乱斗「不用A人」韦鲁斯!技能随便甩!
  📥 下载音频...
  🎙️ 转录中...
  ✅ 转录完成 (876 字)
[106/249] 🎬 处理: BV1H4m3BnE7t
  标题: 大乱斗「超高DPS」芸阿娜!对面根本看不懂伤害!!
  📥 下载音频...
  🎙️ 转录中...
  ✅ 转录完成 (207 字)
[107/249] 🎬 处理: BV13cmEBHEPC
  标题: 大乱斗「收集者」格温!无情剪刀手!!
  📥 下载音频...
  🎙️ 转录中...
  ✅ 转录完成 (395 字)
[108/249] 🎬 处理: BV1Gtm2BqEmq
  标题: 大乱斗「轻松成型」剑圣!!猛攻莲华栈桥!!
  📥 下载音频...
  🎙️ 转录中...
  ✅ 转录完成 (320 字)
[109/249] 🎬 处理: BV1X4m2BTE67
  标题: 大乱斗「3秒一堵墙」冰鸟!!三大减CD海克斯齐聚!!
  📥 下载音频...
  🎙️ 转录中...
  ✅ 转录完成 (215 字)
[110/249] 🎬 处理: BV1YbmZBvEGy
  标题: 大乱斗「AP」卡莎!!输出轻松第一!!
  📥 下载音频...
  🎙️ 转录中...
  ✅ 转录完成 (149 字)
[111/249] 🎬 处理: BV12FmZBsE3a
  标题: 大乱斗逆天「蛋白粉奶昔」铁男!!打BOSS!!
  📥 下载音频...
  🎙️ 转录中...
  ✅ 转录完成 (110 字)
[112/249] 🎬 处理: BV1ChmBBaErt
  标题: 普通大乱斗「现状」!!回归常人?!
  📥 下载音频...
  🎙️ 转录中...
  ✅ 转录完成 (707 字)
[113/249] 🎬 处理: BV1W5qaB9EQn
  标题: 当冰鸟拿到「杀戮时间」爽局预定!!
  📥 下载音频...
  🎙️ 转录中...
  ✅ 转录完成 (460 字)
[114/249] 🎬 处理: BV1GSqLBRE7c
  标题: 诺手玩家意满离！海克斯大乱斗！
  📥 下载音频...
  🎙️ 转录中...
  ✅ 转录完成 (126 字)
[115/249] 🎬 处理: BV1dvqpB7EYR
  标题: 海克斯大乱斗玩到真的萧炎了?!云韵我这就来救你!
  📥 下载音频...
  🎙️ 转录中...
  ✅ 转录完成 (595 字)
[116/249] 🎬 处理: BV111qDB5Eym
  标题: 海克斯大乱斗「沙漠死神」审判天胡船长!!
  📥 下载音频...
  🎙️ 转录中...
  ✅ 转录完成 (681 字)
[117/249] 🎬 处理: BV1SoBcB2Ekr
  标题: 海克斯大乱斗「AP剑姬」胜率通天!!
  📥 下载音频...
  🎙️ 转录中...
  ✅ 转录完成 (47 字)
[118/249] 🎬 处理: BV1RmBcBXENk
  标题: 海克斯大乱斗「AP武器」科技枪游龙!!
  📥 下载音频...
  🎙️ 转录中...
  ✅ 转录完成 (111 字)
[119/249] 🎬 处理: BV19dqkBvEas
  标题: 海克斯大乱斗「裁决使皎月」月下EEE!!
  📥 下载音频...
  🎙️ 转录中...
  ✅ 转录完成 (340 字)
[120/249] 🎬 处理: BV1kCBEBJEnB
  标题: 连拨击锤「亚恒」一秒12层被动!!
  📥 下载音频...
  🎙️ 转录中...
  ✅ 转录完成 (307 字)
[121/249] 🎬 处理: BV1ArBEBQExP
  标题: 聪明的「石头人」移速流R完就跑??
  📥 下载音频...
  🎙️ 转录中...
  ✅ 转录完成 (454 字)
[122/249] 🎬 处理: BV1jUBxBFEs9
  标题: 溢流凯隐！前期一个技能半管蓝？后期势不可挡！
  📥 下载音频...
  🎙️ 转录中...
  ✅ 转录完成 (196 字)
[123/249] 🎬 处理: BV1j3BTBkEyd
  标题: 萨勒芬妮无限技能!!海克斯大乱斗中超越无限火力的强度!!
  📥 下载音频...
  🎙️ 转录中...
  ✅ 转录完成 (444 字)
[124/249] 🎬 处理: BV16rB5BNE5Z
  标题: 圣诞节也要心之钢?!
  📥 下载音频...
  🎙️ 转录中...
  ✅ 转录完成 (7 字)
[125/249] 🎬 处理: BV1MrB1BiENk
  标题: 大乱斗「大招流」兰博?!娱乐向!!
  📥 下载音频...
  🎙️ 转录中...
  ✅ 转录完成 (285 字)
[126/249] 🎬 处理: BV1cPBDBTEGh
  标题: 大乱斗「植物系剑圣」翠神?!选他水晶自带裂痕?!
  📥 下载音频...
  🎙️ 转录中...
  ✅ 转录完成 (492 字)
[127/249] 🎬 处理: BV14EB9BWEAa
  标题: 大乱斗「输出型」索拉卡?!小打小闹就此结束吧!!
  📥 下载音频...
  🎙️ 转录中...
  ✅ 转录完成 (533 字)
[128/249] 🎬 处理: BV1iABvBQEUH
  标题: 大乱斗「影焰」大卑?!小打小闹就此结束吧!!
  📥 下载音频...
  🎙️ 转录中...
  ✅ 转录完成 (429 字)
[129/249] 🎬 处理: BV1owBvBpECg
  标题: 大乱斗「AP」刀妹?!小打小闹就此结束吧!!
  📥 下载音频...
  🎙️ 转录中...
  ✅ 转录完成 (615 字)
[130/249] 🎬 处理: BV11CviBaETv
  标题: 大乱斗「AOE」崔斯特?!绝境卡牌扭败局!!
  📥 下载音频...
  🎙️ 转录中...
  ✅ 转录完成 (385 字)
[131/249] 🎬 处理: BV1fhvyBkEtV
  标题: 大乱斗「收集者」蚂蚱?!小打小闹就此结束吧!!
  📥 下载音频...
  🎙️ 转录中...
  ✅ 转录完成 (600 字)
[132/249] 🎬 处理: BV11WvxBvEhL
  标题: 大乱斗「花晓剑」寒冰?!小打小闹就此结束吧!!
  📥 下载音频...
  🎙️ 转录中...
  ✅ 转录完成 (403 字)
[133/249] 🎬 处理: BV1FMveBUEX3
  标题: 大乱斗「花晓剑」天使?!小打小闹就此结束吧!!
  📥 下载音频...
  🎙️ 转录中...
  ✅ 转录完成 (666 字)
[134/249] 🎬 处理: BV1dniMBqEFL
  标题: 大乱斗「花晓剑」亚索?!疾风剑意之下!亦藏守护仁心!!
  📥 下载音频...
  🎙️ 转录中...
  ✅ 转录完成 (724 字)
[135/249] 🎬 处理: BV1osiGBnEz7
  标题: 大乱斗「花晓剑」尼菈?!小打小闹就此结束吧!!
  📥 下载音频...
  🎙️ 转录中...
  ✅ 转录完成 (573 字)
[136/249] 🎬 处理: BV1oQvXBcEYM
  标题: 大乱斗「花晓剑」卡特?!厄加特!!小打小闹就此结束吧!!
  📥 下载音频...
  🎙️ 转录中...
  ✅ 转录完成 (161 字)
[137/249] 🎬 处理: BV1u6icBrEkd
  标题: 大乱斗「花晓剑」赛娜?!小打小闹就此结束吧!!
  📥 下载音频...
  🎙️ 转录中...
  ✅ 转录完成 (388 字)
[138/249] 🎬 处理: BV1xLizBGED7
  标题: 大乱斗「花晓剑」芸阿娜?!小打小闹就此结束吧!!
  📥 下载音频...
  🎙️ 转录中...
  ✅ 转录完成 (448 字)
[139/249] 🎬 处理: BV1JdiJBVEFq
  标题: 大乱斗「花晓剑」金克丝?!小打小闹就此结束吧!!
  📥 下载音频...
  🎙️ 转录中...
  ✅ 转录完成 (634 字)
[140/249] 🎬 处理: BV1ivitBfEnt
  标题: 大乱斗「花晓剑」奈德丽?!小打小闹就此结束吧!!
  📥 下载音频...
  🎙️ 转录中...
  ✅ 转录完成 (523 字)
[141/249] 🎬 处理: BV1uaqABUE7m
  标题: 大乱斗「花晓剑」宝石?!小打小闹就此结束吧!!
  📥 下载音频...
  🎙️ 转录中...
  ✅ 转录完成 (503 字)
[142/249] 🎬 处理: BV1bsimBMEDw
  标题: 大乱斗「花晓剑」泽丽?!能C能奶永动机!!
  📥 下载音频...
  🎙️ 转录中...
  ✅ 转录完成 (641 字)
[143/249] 🎬 处理: BV18simBuEuU
  标题: 大乱斗「花晓剑」男枪?!逆天霰弹奶爸!!
  📥 下载音频...
  🎙️ 转录中...
  ✅ 转录完成 (606 字)
[144/249] 🎬 处理: BV1rLidBjEix
  标题: 大乱斗「花晓剑」大嘴?!歌之权冠站着不动奶全队??
  📥 下载音频...
  🎙️ 转录中...
  ✅ 转录完成 (570 字)
[145/249] 🎬 处理: BV16DrTBdEfT
  标题: 可惜你不玩海斗，也不懂连拨击锤VN。
  📥 下载音频...
  🎙️ 转录中...
  ✅ 转录完成 (484 字)
[146/249] 🎬 处理: BV1L46UBhEdS
  标题: 大乱斗「花晓剑」拉克丝?!我光最治愈的一面??
  📥 下载音频...
  🎙️ 转录中...
  ✅ 转录完成 (577 字)
[147/249] 🎬 处理: BV19arFBdE4q
  标题: 大乱斗「花晓剑」蚂蚱?!小打小闹就此结束吧!!
  📥 下载音频...
  🎙️ 转录中...
  ✅ 转录完成 (575 字)
[148/249] 🎬 处理: BV1dCrhBUECb
  标题: 大乱斗「一板一眼」杰斯?!小打小闹就此结束吧!!
  📥 下载音频...
  🎙️ 转录中...
  ✅ 转录完成 (793 字)
[149/249] 🎬 处理: BV1DJrvBDEY6
  标题: 大乱斗「花晓剑」赵信?!小打小闹就此结束吧!!
  📥 下载音频...
  🎙️ 转录中...
  ✅ 转录完成 (505 字)
[150/249] 🎬 处理: BV129rLBdEEX
  标题: 大乱斗「花晓剑」卡尔玛?!小打小闹就此结束吧!!
  📥 下载音频...
  🎙️ 转录中...
  ✅ 转录完成 (272 字)
[151/249] 🎬 处理: BV1fbr4BkEDb
  标题: 大乱斗「花晓剑」凯特琳?!小打小闹就此结束吧!!
  📥 下载音频...
  🎙️ 转录中...
  ✅ 转录完成 (351 字)
[152/249] 🎬 处理: BV1VpkwBeEkY
  标题: 大乱斗「花晓剑」机器人?!赛博医生!!
  📥 下载音频...
  🎙️ 转录中...
  ✅ 转录完成 (566 字)
[153/249] 🎬 处理: BV1TArCBvEgL
  标题: 大乱斗「大招流」巴德?!
  📥 下载音频...
  🎙️ 转录中...
  ✅ 转录完成 (605 字)
[154/249] 🎬 处理: BV1HmrDBmEa5
  标题: 大乱斗「大招流」艾希??连环大招??
  📥 下载音频...
  🎙️ 转录中...
  ✅ 转录完成 (574 字)
[155/249] 🎬 处理: BV1NQkbB8EMv
  标题: 大乱斗「AP溢流」刀妹!?团战收割机??
  📥 下载音频...
  🎙️ 转录中...
  ✅ 转录完成 (666 字)
[156/249] 🎬 处理: BV1BhkgBcExM
  标题: 大乱斗「机制怪」奥恩!?不回家也能选海克斯!
  📥 下载音频...
  🎙️ 转录中...
  ✅ 转录完成 (600 字)
[157/249] 🎬 处理: BV1XjkEBkEKW
  标题: 大乱斗「AP」女枪!?不见其人??只见其E!!
  📥 下载音频...
  🎙️ 转录中...
  ✅ 转录完成 (594 字)
[158/249] 🎬 处理: BV12fzjBsE1h
  标题: 大乱斗「奶龙」斯莫德!?输出交给你们了!!
  📥 下载音频...
  🎙️ 转录中...
  ✅ 转录完成 (662 字)
[159/249] 🎬 处理: BV1rwzwBTE5s
  标题: 大乱斗「吸血习性」慎!?千万不要出狂徒!!
  📥 下载音频...
  🎙️ 转录中...
  ✅ 转录完成 (664 字)
[160/249] 🎬 处理: BV1kFzwBBES3
  标题: 大乱斗「钢化你心」鳄鱼!?我当前排你就放心吧!!
  📥 下载音频...
  🎙️ 转录中...
  ✅ 转录完成 (448 字)
[161/249] 🎬 处理: BV14CzMBYEEg
  标题: 大乱斗「怕死流」狮子狗!?没见过刺客点防御嘛!!
  📥 下载音频...
  🎙️ 转录中...
  ✅ 转录完成 (529 字)
[162/249] 🎬 处理: BV1tkzMBPEzF
  标题: 大乱斗「出肉秒人」潘森大将军?!小打小闹就此结束吧!!
  📥 下载音频...
  🎙️ 转录中...
  ✅ 转录完成 (250 字)
[163/249] 🎬 处理: BV1aqzyBVE1a
  标题: 大乱斗「盾盾流」亚索!?想玩的话可要抓紧!!
  📥 下载音频...
  🎙️ 转录中...
  ✅ 转录完成 (829 字)
[164/249] 🎬 处理: BV1uNzyBKEVQ
  标题: 大乱斗「6500层钢」塞拉斯!?诸神混战!!
  📥 下载音频...
  🎙️ 转录中...
  ✅ 转录完成 (657 字)
[165/249] 🎬 处理: BV1gQztBfEfp
  标题: 大乱斗「扇巴掌」萨勒芬妮!?T0玩法理论一套技能叠150法强!?
  📥 下载音频...
  🎙️ 转录中...
  ✅ 转录完成 (583 字)
[166/249] 🎬 处理: BV1HCziBTE9s
  标题: 大乱斗「虚幻武器」蚂蚱!?让虫子帮你打工!!
  📥 下载音频...
  🎙️ 转录中...
  ✅ 转录完成 (654 字)
[167/249] 🎬 处理: BV1ArziBzEhJ
  标题: 大乱斗「新海克斯」红包!?地上竟能“捡”属性?!
  📥 下载音频...
  🎙️ 转录中...
  ✅ 转录完成 (514 字)
[168/249] 🎬 处理: BV1Rr63BsEar
  标题: 大乱斗「自爆流」乌迪尔!?俯冲炸弹羁绊!!
  📥 下载音频...
  🎙️ 转录中...
  ✅ 转录完成 (459 字)
[169/249] 🎬 处理: BV1Ze63BFEZi
  标题: 设计师终于想通了！海斗要的就是好玩！
  📥 下载音频...
  🎙️ 转录中...
  ✅ 转录完成 (455 字)
[170/249] 🎬 处理: BV1QGzXBaE8D
  标题: 海斗「完全自动化」羁绊!?十秒一个群体无敌?!
  📥 下载音频...
  🎙️ 转录中...
  ✅ 转录完成 (459 字)
[171/249] 🎬 处理: BV1XV6PBhEKV
  标题: 海斗「叠角龙」羁绊!?狗头一个炮车加72层?!
  📥 下载音频...
  🎙️ 转录中...
  ✅ 转录完成 (363 字)
[172/249] 🎬 处理: BV1Z46zBBE3D
  标题: 海斗「神龙烈焰」羁绊!?就喜欢满屏伤害的感觉?!
  📥 下载音频...
  🎙️ 转录中...
  ✅ 转录完成 (358 字)
[173/249] 🎬 处理: BV1QA6nBGEXB
  标题: 逆天魄罗王海克斯!!85%伤害减免!!无法被阻挡!!
  📥 下载音频...
  🎙️ 转录中...
  ✅ 转录完成 (364 字)
[174/249] 🎬 处理: BV1QA6nBGEDa
  标题: 逆天「花晓剑」虚空眼!索拉卡也奶不过他!!
  📥 下载音频...
  🎙️ 转录中...
  ✅ 转录完成 (576 字)
[175/249] 🎬 处理: BV1PQ6tBXEfA
  标题: 逆天「下雪天」羁绊!!一个雪球秒人?!海斗新玩具!!
  📥 下载音频...
  🎙️ 转录中...
  ✅ 转录完成 (450 字)
[176/249] 🎬 处理: BV1KD6tBWEA8
  标题: 新海克斯「肩上的恶魔」实测!每秒损失7.5%当前生命值??
  📥 下载音频...
  🎙️ 转录中...
  ✅ 转录完成 (558 字)
[177/249] 🎬 处理: BV1DPFgz8EdD
  标题: 超爽「掷骰狂人」羁绊!!小兵掉棱彩锻造器!!概率很高!!
  📥 下载音频...
  🎙️ 转录中...
  ✅ 转录完成 (404 字)
[178/249] 🎬 处理: BV1DafDBzEnU
  标题: 满级「完全自动化」羁绊!!两秒一个OK镖?!
  📥 下载音频...
  🎙️ 转录中...
  ✅ 转录完成 (271 字)
[179/249] 🎬 处理: BV1DafDBzE7N
  标题: 新海克斯「缩小引擎」实测!!超模!!一个顶两个棱彩!?
  📥 下载音频...
  🎙️ 转录中...
  ✅ 转录完成 (286 字)
[180/249] 🎬 处理: BV1PEffBHE2p
  标题: 最新科研「花剑奶伦」一代版本一代神??代代版本玩盖伦!!
  📥 下载音频...
  🎙️ 转录中...
  ✅ 转录完成 (308 字)
[181/249] 🎬 处理: BV1EfFizUEbF
  标题: 轻松「500技能冷却」缩小引擎+无限循环往复
  📥 下载音频...
  🎙️ 转录中...
  ✅ 转录完成 (296 字)
[182/249] 🎬 处理: BV19RFrzdEZE
  标题: 绝了「飓风踢踏舞」天使??叠层效率直接翻三倍!!
  📥 下载音频...
  🎙️ 转录中...
  ✅ 转录完成 (579 字)
[183/249] 🎬 处理: BV15YF7zREJ9
  标题: 新海克斯「祖母的辣椒油」实测!!真的夯爆了!!
  📥 下载音频...
  🎙️ 转录中...
  ✅ 转录完成 (361 字)
[184/249] 🎬 处理: BV1TpFxzeEGL
  标题: 法师神器「恶魔契约」无限续杯??折磨王天花板!!
  📥 下载音频...
  🎙️ 转录中...
  ✅ 转录完成 (353 字)
[185/249] 🎬 处理: BV1P3cczZELo
  标题: 完全自动化「猫咪」琴女+宝石骑士+悠米三幻神合体??
  📥 下载音频...
  🎙️ 转录中...
  ✅ 转录完成 (539 字)
[186/249] 🎬 处理: BV1HTF1zLEL4
  标题: 奎因：我依然是世一奶！
  📥 下载音频...
  🎙️ 转录中...
  ✅ 转录完成 (375 字)
[187/249] 🎬 处理: BV1oQFXztEzX
  标题: 逆天「花晓剑」刀妹!?小打小闹就此结束吧!!
  📥 下载音频...
  🎙️ 转录中...
  ✅ 转录完成 (600 字)
[188/249] 🎬 处理: BV1HNcbziE92
  标题: 泰坦一个技能加240血120法强??无限叠??
  📥 下载音频...
  🎙️ 转录中...
  ✅ 转录完成 (844 字)
[189/249] 🎬 处理: BV1eRcizLEhw
  标题: 奶爸「炼金」毒奶双修!?小打小闹就此结束吧!!
  📥 下载音频...
  🎙️ 转录中...
  ✅ 转录完成 (420 字)
[190/249] 🎬 处理: BV1zacEzTEba
  标题: 塔姆你除了能弄我一身口水，还能干啥？
  📥 下载音频...
  🎙️ 转录中...
  ✅ 转录完成 (719 字)
[191/249] 🎬 处理: BV1ypcEzVEEU
  标题: 逆天「花晓剑」奶皇!?小打小闹就此结束吧!!
  📥 下载音频...
  🎙️ 转录中...
  ✅ 转录完成 (405 字)
[192/249] 🎬 处理: BV1P4cnzJEQM
  标题: 逆天「金矿流」小丑!?对位最大经济差7000?!
  📥 下载音频...
  🎙️ 转录中...
  ✅ 转录完成 (253 字)
[193/249] 🎬 处理: BV1e2cnzvELe
  标题: 当近战「不想叠钢」怎么办!?那就试试奶魔!!能打能奶能抗!?
  📥 下载音频...
  🎙️ 转录中...
  ✅ 转录完成 (628 字)
[194/249] 🎬 处理: BV1v1cnzKEmt
  标题: 逆天「奶萝」这把队友真的有福了!!
  📥 下载音频...
  🎙️ 转录中...
  ✅ 转录完成 (641 字)
[195/249] 🎬 处理: BV1jaZrBRE2C
  标题: 三个人激活「下雪天」羁绊!!雪球大作战模式?!
  📥 下载音频...
  🎙️ 转录中...
  ✅ 转录完成 (658 字)
[196/249] 🎬 处理: BV1u2fVBvEm6
  标题: 完全自动化「索拉卡」琴女+宝石骑士+奶妈三幻神合体??
  📥 下载音频...
  🎙️ 转录中...
  ✅ 转录完成 (832 字)
[197/249] 🎬 处理: BV1dUfHBKEyK
  标题: 花剑「莫甘娜」COS琴女!?双羁绊能奶能控!?
  📥 下载音频...
  🎙️ 转录中...
  ✅ 转录完成 (477 字)
[198/249] 🎬 处理: BV1b4fABBEXn
  标题: 现在是辅助的版本??我们真厉害！
  📥 下载音频...
  🎙️ 转录中...
  ✅ 转录完成 (439 字)
[199/249] 🎬 处理: BV1yHfBBZEPN
  标题: 一秒一个W「俄洛伊」轻松五杀!?元婴之下我无敌!!
  📥 下载音频...
  🎙️ 转录中...
  ✅ 转录完成 (401 字)
[200/249] 🎬 处理: BV1wHfmBDEY2
  标题: 逆天「花晓剑」吉祥战车!!拯救队友于水深火热!!
  📥 下载音频...
  🎙️ 转录中...
  ✅ 转录完成 (732 字)
[201/249] 🎬 处理: BV1psfSBxENc
  标题: 逆天「AP老鼠」三伤合一!!怎么都有伤害?!
  📥 下载音频...
  🎙️ 转录中...
  ✅ 转录完成 (274 字)
[202/249] 🎬 处理: BV1kQf8BKE6H
  标题: 逆天「半肉特效」烬??拯救队友于水深火热??
  📥 下载音频...
  🎙️ 转录中...
  ✅ 转录完成 (488 字)
[203/249] 🎬 处理: BV1JbA6ziEVs
  标题: 逆天「心钢奶派」让人眼前一亮的派克??
  📥 下载音频...
  🎙️ 转录中...
  ✅ 转录完成 (661 字)
[204/249] 🎬 处理: BV1PEAbzyEYy
  标题: 叠角龙「虚空奶皇」拯救队友于水深火热??
  📥 下载音频...
  🎙️ 转录中...
  ✅ 转录完成 (563 字)
[205/249] 🎬 处理: BV1t9AhztEkP
  标题: 养成系ADC「锤石」手握两个硬控越打越强??
  📥 下载音频...
  🎙️ 转录中...
  ✅ 转录完成 (576 字)
[206/249] 🎬 处理: BV1gJPuzKE8y
  标题: 逆天「AD妖姬」四段位移的ADC??
  📥 下载音频...
  🎙️ 转录中...
  ✅ 转录完成 (554 字)
[207/249] 🎬 处理: BV1oJP7zTEtn
  标题: 满级「金币雨」羁绊!!领先4件装备?!
  📥 下载音频...
  🎙️ 转录中...
  ✅ 转录完成 (594 字)
[208/249] 🎬 处理: BV1Z7P7zBEBG
  标题: 逆天「双瞄准镜」寒冰!!究极AOE输出第一?!
  📥 下载音频...
  🎙️ 转录中...
  ✅ 转录完成 (644 字)
[209/249] 🎬 处理: BV1E7P7zzEMt
  标题: 逆天「紫色九头蛇」泽丽!!拯救队友于水火?!
  📥 下载音频...
  🎙️ 转录中...
  ✅ 转录完成 (420 字)
[210/249] 🎬 处理: BV14QPczGEQb
  标题: 逆天「猎魔人弩箭」石头人?!小打小闹就此结束吧!!
  📥 下载音频...
  🎙️ 转录中...
  ✅ 转录完成 (717 字)
[211/249] 🎬 处理: BV1EMPwz8EaL
  标题: 逆天「AD提莫」放弃蘑菇?!主打平A?!
  📥 下载音频...
  🎙️ 转录中...
  ✅ 转录完成 (343 字)
[212/249] 🎬 处理: BV1zTPwzcEyu
  标题: 逆天「刺客」波比?!锤形态小炮就该这么玩?!
  📥 下载音频...
  🎙️ 转录中...
  ✅ 转录完成 (569 字)
[213/249] 🎬 处理: BV1aNPqzJEbg
  标题: 蚊子流「沙皇」力挽狂澜!!拯救队友于水深火热!?
  📥 下载音频...
  🎙️ 转录中...
  ✅ 转录完成 (477 字)
[214/249] 🎬 处理: BV1XAPqzDEaA
  标题: 逆天「注魔溢流」琴女!!平A几下打空蓝量?!
  📥 下载音频...
  🎙️ 转录中...
  ✅ 转录完成 (512 字)
[215/249] 🎬 处理: BV136PyzBE2P
  标题: 最新科研逆天「佐A」!!佐伊的第二条修炼之路?!
  📥 下载音频...
  🎙️ 转录中...
  ✅ 转录完成 (541 字)
[216/249] 🎬 处理: BV1vYPyzVEvw
  标题: 最新科研「花晓剑」EZ!!第九条修炼之路?!
  📥 下载音频...
  🎙️ 转录中...
  ✅ 转录完成 (472 字)
[217/249] 🎬 处理: BV1FbPxzPECi
  标题: 花晓剑「龙女」当爹又当妈!!
  📥 下载音频...
  🎙️ 转录中...
  ✅ 转录完成 (548 字)
[218/249] 🎬 处理: BV1WnPxzzEpv
  标题: 花晓剑「卡特」把队友全奶活?!
  📥 下载音频...
  🎙️ 转录中...
  ✅ 转录完成 (545 字)
[219/249] 🎬 处理: BV1peNPz5EWu
  标题: 花晓剑「0攻击力」奶希?!重生之我靠奶量当核心!!
  📥 下载音频...
  🎙️ 转录中...
  ✅ 转录完成 (849 字)
[220/249] 🎬 处理: BV1AaNPz1EcZ
  标题: 花晓剑「小奶狗」没想到把?!近战也能奶这么多!?
  📥 下载音频...
  🎙️ 转录中...
  ✅ 转录完成 (671 字)
[221/249] 🎬 处理: BV1jHNGzxEcV
  标题: 花晓剑「炼金」会用毒会治愈之术?!没错!!是她!!
  📥 下载音频...
  🎙️ 转录中...
  ✅ 转录完成 (765 字)
[222/249] 🎬 处理: BV1hSN3zjEWA
  标题: 花晓剑「卢锡安」这是善良之枪!!
  📥 下载音频...
  🎙️ 转录中...
  ✅ 转录完成 (830 字)
[223/249] 🎬 处理: BV1ufPXztEqS
  标题: 花晓剑「无双奶姬」队友吃得饱饱的!!嘻嘻!!
  📥 下载音频...
  🎙️ 转录中...
  ✅ 转录完成 (559 字)
[224/249] 🎬 处理: BV1szPfzvEMA
  标题: BV1szPfzvEMA
  📥 下载音频...
  [重试 1/2] 下载失败: ERROR: [BiliBili] 1szPfzvEMA: Unable to download webpage: [SSL: UNEXPECTED_EOF_WHILE_READING] EOF occurred in violation of protocol (_ssl.c:1016) (caused by SSLError('[SSL: UNEXPECTED_EOF_WHILE_READIN
  🎙️ 转录中...
  ✅ 转录完成 (898 字)
[225/249] 🎬 处理: BV17tcZz5EKE
  标题: 逆天「三质变」小奶龙!!我是主播!!今天只打最富裕的仗!?
  📥 下载音频...
  🎙️ 转录中...
  ✅ 转录完成 (682 字)
[226/249] 🎬 处理: BV1ANwAzeE3W
  标题: 海克斯「箱子」十连抽!!?煮包感动落泪!!呜哇哇!!
  📥 下载音频...
  🎙️ 转录中...
  ✅ 转录完成 (62 字)
[227/249] 🎬 处理: BV1PbcCzjEGt
  标题: 逆天「花剑翠神」混合双奶!!小菊的平A也能奶?!
  📥 下载音频...
  🎙️ 转录中...
  ✅ 转录完成 (383 字)
[228/249] 🎬 处理: BV1wacCz5E29
  标题: 逆天「花剑奶希」伤害第一!!奶量第一!!
  📥 下载音频...
  🎙️ 转录中...
  ✅ 转录完成 (620 字)
[229/249] 🎬 处理: BV1dbwEzAEc7
  标题: 逆天「双前排互奶」鳄鱼+厄加特无敌了?!
  📥 下载音频...
  🎙️ 转录中...
  ✅ 转录完成 (544 字)
[230/249] 🎬 处理: BV141wEzHEsN
  标题: 逆天「花剑奶萝」弹射起步!!小打小闹就此结束吧!!
  📥 下载音频...
  🎙️ 转录中...
  ✅ 转录完成 (604 字)
[231/249] 🎬 处理: BV1VYw8zFE8F
  标题: 逆天「猎魔弩箭」石头人!!丛刃触发强攻!!邦邦三拳!!
  📥 下载音频...
  🎙️ 转录中...
  ✅ 转录完成 (542 字)
[232/249] 🎬 处理: BV15hw8zhELC
  标题: 逆天「花剑」赛娜?!不一样的赢法!!
  📥 下载音频...
  🎙️ 转录中...
  ✅ 转录完成 (524 字)
[233/249] 🎬 处理: BV196w1zzEYA
  标题: 遇不到「花剑升级」就试试这样刷!!
  📥 下载音频...
  🎙️ 转录中...
  ✅ 转录完成 (898 字)
[234/249] 🎬 处理: BV1DFwRzZEfG
  标题: 扎克必拿海克斯「肩上恶魔」入魔问道!!有何不可?!
  📥 下载音频...
  🎙️ 转录中...
  ✅ 转录完成 (570 字)
[235/249] 🎬 处理: BV1AxwizFEkg
  标题: 大乱斗「冰与火之鳄」3分钟教你成为鳄鱼高手!?
  📥 下载音频...
  🎙️ 转录中...
  ✅ 转录完成 (759 字)
[236/249] 🎬 处理: BV1S1wCztEqq
  标题: 希维尔「一直以来玩错了」史上最团队版?!!
  📥 下载音频...
  🎙️ 转录中...
  ✅ 转录完成 (753 字)
[237/249] 🎬 处理: BV1fEAVztEQZ
  标题: 大乱斗「迅刃巨魔」3分钟教你成为巨魔高手!?
  📥 下载音频...
  🎙️ 转录中...
  ✅ 转录完成 (614 字)
[238/249] 🎬 处理: BV1nEAVzbEgF
  标题: 大乱斗「AP杰斯」面板伤害居然有3.4W!?
  📥 下载音频...
  🎙️ 转录中...
  ✅ 转录完成 (248 字)
[239/249] 🎬 处理: BV1VNAHzgEeR
  标题: 大乱斗新版「金币雨」跑得慢一个都吃不到!?
  📥 下载音频...
  🎙️ 转录中...
  ✅ 转录完成 (433 字)
[240/249] 🎬 处理: BV1yCQDB2EXm
  标题: 老龙女「最后一舞」虚幻武器W全自动叠钢!?
  📥 下载音频...
  🎙️ 转录中...
  ✅ 转录完成 (434 字)
[241/249] 🎬 处理: BV1biQDBHE5t
  标题: 天胡「莎弥拉」亮剑!?一板一眼!?
  📥 下载音频...
  🎙️ 转录中...
  ✅ 转录完成 (501 字)
[242/249] 🎬 处理: BV1HxQfBwEi5
  标题: 大乱斗「镇山的虎」卢锡安!?不灭道体!!
  📥 下载音频...
  🎙️ 转录中...
  ✅ 转录完成 (631 字)
[243/249] 🎬 处理: BV185Q6BdEJg
  标题: LOL愚人节的「十个彩蛋」!!
  📥 下载音频...
  🎙️ 转录中...
  ✅ 转录完成 (308 字)
[244/249] 🎬 处理: BV1xaXEBZEkn
  标题: 大乱斗「游龙」蕾欧娜!?3分钟教宝宝们成为高手!?
  📥 下载音频...
  🎙️ 转录中...
  ✅ 转录完成 (627 字)
[245/249] 🎬 处理: BV1r5X4BGEXk
  标题: 爽开海克斯「箱子」50个!!?外服现状?!
  📥 下载音频...
  🎙️ 转录中...
  ✅ 转录完成 (50 字)
[246/249] 🎬 处理: BV1k5X4BGEWt
  标题: 15000银蛇币的「蓝色箱子」能开出什么?!
  📥 下载音频...
  🎙️ 转录中...
  ✅ 转录完成 (132 字)
[247/249] 🎬 处理: BV16CXTBDEGS
  标题: 账对不上，累死累活才1.7w，我真不知道如何坚持
  📥 下载音频...
  🎙️ 转录中...
  ✅ 转录完成 (595 字)
[248/249] 🎬 处理: BV1v8XLBYEnY
  标题: 第二章：道心再凝，初心不改!!领悟最强挂件猫咪!!
  📥 下载音频...
  🎙️ 转录中...
  ✅ 转录完成 (602 字)
[249/249] 🎬 处理: BV1gmX9BvEMV
  标题: 坦克引擎「一命通关」完美适配奥恩的趣味玩法!?
  📥 下载音频...
  🎙️ 转录中...
  ✅ 转录完成 (628 字)

✅ 汇总文件已生成: /Users/liusixing_tx/Documents/Obsidian Vault/10_Work/海克斯大乱斗_字幕汇总.md

📊 处理完成: 成功 249/249, 失败 0
